[INFO] Scanning for projects...
[INFO] 
[INFO] ---------------------< com.kindergarten:warehouse >---------------------
[INFO] Building warehouse 0.0.1-SNAPSHOT
[INFO]   from pom.xml
[INFO] --------------------------------[ jar ]---------------------------------
[INFO] 
[INFO] --- clean:3.3.2:clean (default-clean) @ warehouse ---
[INFO] Deleting C:\Users\vantu\.gemini\antigravity\scratch\kindergarten-warehouse\target
[INFO] 
[INFO] --- resources:3.3.1:resources (default-resources) @ warehouse ---
[INFO] Copying 1 resource from src\main\resources to target\classes
[INFO] Copying 3 resources from src\main\resources to target\classes
[INFO] 
[INFO] --- compiler:3.11.0:compile (default-compile) @ warehouse ---
[INFO] Changes detected - recompiling the module! :source
[INFO] Compiling 53 source files with javac [debug release 17] to target\classes
[INFO] -------------------------------------------------------------
[WARNING] COMPILATION WARNING : 
[INFO] -------------------------------------------------------------
[WARNING] /C:/Users/vantu/.gemini/antigravity/scratch/kindergarten-warehouse/src/main/java/com/kindergarten/warehouse/entity/Banner.java:[31,21] @Builder will ignore the initializing expression entirely. If you want the initializing expression to serve as default, add @Builder.Default. If it is not supposed to be settable during building, make the field final.
[WARNING] /C:/Users/vantu/.gemini/antigravity/scratch/kindergarten-warehouse/src/main/java/com/kindergarten/warehouse/entity/Topic.java:[10,1] Generating equals/hashCode implementation but without a call to superclass, even though this class does not extend java.lang.Object. If this is intentional, add '@EqualsAndHashCode(callSuper=false)' to your type.
[WARNING] /C:/Users/vantu/.gemini/antigravity/scratch/kindergarten-warehouse/src/main/java/com/kindergarten/warehouse/entity/Resource.java:[12,1] Generating equals/hashCode implementation but without a call to superclass, even though this class does not extend java.lang.Object. If this is intentional, add '@EqualsAndHashCode(callSuper=false)' to your type.
[WARNING] /C:/Users/vantu/.gemini/antigravity/scratch/kindergarten-warehouse/src/main/java/com/kindergarten/warehouse/entity/Category.java:[12,1] Generating equals/hashCode implementation but without a call to superclass, even though this class does not extend java.lang.Object. If this is intentional, add '@EqualsAndHashCode(callSuper=false)' to your type.
[WARNING] /C:/Users/vantu/.gemini/antigravity/scratch/kindergarten-warehouse/src/main/java/com/kindergarten/warehouse/entity/User.java:[12,1] Generating equals/hashCode implementation but without a call to superclass, even though this class does not extend java.lang.Object. If this is intentional, add '@EqualsAndHashCode(callSuper=false)' to your type.
[WARNING] /C:/Users/vantu/.gemini/antigravity/scratch/kindergarten-warehouse/src/main/java/com/kindergarten/warehouse/entity/Banner.java:[10,1] Generating equals/hashCode implementation but without a call to superclass, even though this class does not extend java.lang.Object. If this is intentional, add '@EqualsAndHashCode(callSuper=false)' to your type.
[INFO] 6 warnings 
[INFO] -------------------------------------------------------------
[INFO] -------------------------------------------------------------
[ERROR] COMPILATION ERROR : 
[INFO] -------------------------------------------------------------
[ERROR] /C:/Users/vantu/.gemini/antigravity/scratch/kindergarten-warehouse/src/main/java/com/kindergarten/warehouse/service/AuthService.java:[33,13] cannot find symbol
  symbol: variable jwtTokenProvider
[ERROR] /C:/Users/vantu/.gemini/antigravity/scratch/kindergarten-warehouse/src/main/java/com/kindergarten/warehouse/service/AuthService.java:[42,24] cannot find symbol
  symbol:   variable jwtTokenProvider
  location: class com.kindergarten.warehouse.service.AuthService
[INFO] 2 errors 
[INFO] -------------------------------------------------------------
[INFO] ------------------------------------------------------------------------
[INFO] BUILD FAILURE
[INFO] ------------------------------------------------------------------------
[INFO] Total time:  8.281 s
[INFO] Finished at: 2025-12-02T22:57:52+07:00
[INFO] ------------------------------------------------------------------------
[ERROR] Failed to execute goal org.apache.maven.plugins:maven-compiler-plugin:3.11.0:compile (default-compile) on project warehouse: Compilation failure: Compilation failure: 
[ERROR] /C:/Users/vantu/.gemini/antigravity/scratch/kindergarten-warehouse/src/main/java/com/kindergarten/warehouse/service/AuthService.java:[33,13] cannot find symbol
[ERROR]   symbol: variable jwtTokenProvider
[ERROR] /C:/Users/vantu/.gemini/antigravity/scratch/kindergarten-warehouse/src/main/java/com/kindergarten/warehouse/service/AuthService.java:[42,24] cannot find symbol
[ERROR]   symbol:   variable jwtTokenProvider
[ERROR]   location: class com.kindergarten.warehouse.service.AuthService
[ERROR] -> [Help 1]
[ERROR] 
[ERROR] To see the full stack trace of the errors, re-run Maven with the -e switch.
[ERROR] Re-run Maven using the -X switch to enable full debug logging.
[ERROR] 
[ERROR] For more information about the errors and possible solutions, please read the following articles:
[ERROR] [Help 1] http://cwiki.apache.org/confluence/display/MAVEN/MojoFailureException
